16:41:23 browse slot 0 -> {"clicked":"https://www.xvideos.com/video.uluapmk13ea/smashed_teen_s_anus_cyber_shot_nick_
16:41:29 
bridge=connected
  [0] g2 A=www.xvideos.com/video.ufplmdf83c4/rough_use_of_a_bad_girl_s_hole | C=www.xvideos.com/video.uluapmk13ea/smashed_teen_s_anus_cyber_shot | src=assigned
  [1] g1 A=spankbang.com/6hew8/video/goddess+kyaa+stroking+for+my+bare+feet | C=spankbang.com/7yd1r/video/ashley+fires+ass+worship+cuckold+joi+5 | src=assigned
  [2] g4 A=www.xnxx.com/search/deepthroat?top | C=null | src=assigned
  [3] g1 A=www.elitebabes.com/top-class-model-invitingly-showcases-her-flaw | C=null | src=assigned
16:41:38 browse slot 2 -> {"clicked":"https://www.xnxx.com/video-rn0nt2e/pervcity_blonde_teen_alina_west_gonzo_anal_
16:41:44 
bridge=connected
  [0] g2 A=www.xvideos.com/video.ufplmdf83c4/rough_use_of_a_bad_girl_s_hole | C=www.xvideos.com/video.uluapmk13ea/smashed_teen_s_anus_cyber_shot | src=assigned
  [1] g1 A=spankbang.com/6hew8/video/goddess+kyaa+stroking+for+my+bare+feet | C=spankbang.com/7yd1r/video/ashley+fires+ass+worship+cuckold+joi+5 | src=assigned
  [2] g4 A=www.xnxx.com/search/deepthroat?top | C=www.xnxx.com/video-rn0nt2e/pervcity_blonde_teen_alina_west_gonzo | src=assigned
  [3] g1 A=www.elitebabes.com/top-class-model-invitingly-showcases-her-flaw | C=null | src=assigned
16:41:53 browse slot 1 -> {"clicked":"https://spankbang.com/6zt4l/video/candy+manson+cuckold+joi+1","candidates":52}
16:41:59 
bridge=connected
  [0] g2 A=www.xvideos.com/video.ufplmdf83c4/rough_use_of_a_bad_girl_s_hole | C=www.xvideos.com/video.uluapmk13ea/smashed_teen_s_anus_cyber_shot | src=assigned
  [1] g1 A=spankbang.com/6hew8/video/goddess+kyaa+stroking+for+my+bare+feet | C=spankbang.com/6zt4l/video/candy+manson+cuckold+joi+1 | src=assigned
  [2] g4 A=www.xnxx.com/search/deepthroat?top | C=www.xnxx.com/video-rn0nt2e/pervcity_blonde_teen_alina_west_gonzo | src=assigned
  [3] g1 A=www.elitebabes.com/top-class-model-invitingly-showcases-her-flaw | C=null | src=assigned
16:42:08 refresh slot 2 -> {"clicked":"btn-hotswap-reload","slot":2}
16:42:14 
bridge=connected
  [0] g2 A=www.xvideos.com/video.ufplmdf83c4/rough_use_of_a_bad_girl_s_hole | C=www.xvideos.com/video.uluapmk13ea/smashed_teen_s_anus_cyber_shot | src=assigned
  [1] g1 A=spankbang.com/6hew8/video/goddess+kyaa+stroking+for+my+bare+feet | C=spankbang.com/6zt4l/video/candy+manson+cuckold+joi+1 | src=assigned
  [2] g5 A=www.xnxx.com/search/deepthroat?top | C=null | src=assigned
  [3] g1 A=www.elitebabes.com/top-class-model-invitingly-showcases-her-flaw | C=null | src=assigned
16:42:23 browse slot 2 -> {"clicked":"https://www.xnxx.com/video-1idbha98/big_bubble_butt_anal_ride_-_mandy_muse_lov
16:42:29 
bridge=connected
  [0] g2 A=www.xvideos.com/video.ufplmdf83c4/rough_use_of_a_bad_girl_s_hole | C=www.xvideos.com/video.uluapmk13ea/smashed_teen_s_anus_cyber_shot | src=assigned
  [1] g1 A=spankbang.com/6hew8/video/goddess+kyaa+stroking+for+my+bare+feet | C=spankbang.com/6zt4l/video/candy+manson+cuckold+joi+1 | src=assigned
  [2] g5 A=www.xnxx.com/search/deepthroat?top | C=www.xnxx.com/video-1idbha98/big_bubble_butt_anal_ride_-_mandy_mu | src=assigned
  [3] g1 A=www.elitebabes.com/top-class-model-invitingly-showcases-her-flaw | C=null | src=assigned
16:42:38 refresh slot 0 -> {"clicked":"btn-hotswap-reload","slot":0}
16:42:44 
bridge=connected
  [0] g3 A=www.xvideos.com/video.ufplmdf83c4/rough_use_of_a_bad_girl_s_hole | C=null | src=assigned
  [1] g1 A=spankbang.com/6hew8/video/goddess+kyaa+stroking+for+my+bare+feet | C=spankbang.com/6zt4l/video/candy+manson+cuckold+joi+1 | src=assigned
  [2] g5 A=www.xnxx.com/search/deepthroat?top | C=www.xnxx.com/video-1idbha98/big_bubble_butt_anal_ride_-_mandy_mu | src=assigned
  [3] g1 A=www.elitebabes.com/top-class-model-invitingly-showcases-her-flaw | C=null | src=assigned
16:42:53 browse slot 0 -> {"clicked":"https://www.xvideos.com/video.uflitdbcda2/hard_destruction_of_a_tight_ass_with
16:42:59 
bridge=connected
  [0] g3 A=www.xvideos.com/video.ufplmdf83c4/rough_use_of_a_bad_girl_s_hole | C=www.xvideos.com/video.uflitdbcda2/hard_destruction_of_a_tight_as | src=assigned
  [1] g1 A=spankbang.com/6hew8/video/goddess+kyaa+stroking+for+my+bare+feet | C=spankbang.com/6zt4l/video/candy+manson+cuckold+joi+1 | src=assigned
  [2] g5 A=www.xnxx.com/search/deepthroat?top | C=www.xnxx.com/video-1idbha98/big_bubble_butt_anal_ride_-_mandy_mu | src=assigned
  [3] g1 A=www.elitebabes.com/top-class-model-invitingly-showcases-her-flaw | C=null | src=assigned
16:43:08 refresh slot 1 -> {"clicked":"btn-hotswap-reload","slot":1}
16:43:14 
bridge=connected
  [0] g3 A=www.xvideos.com/video.ufplmdf83c4/rough_use_of_a_bad_girl_s_hole | C=www.xvideos.com/video.uflitdbcda2/hard_destruction_of_a_tight_as | src=assigned
  [1] g2 A=spankbang.com/6hew8/video/goddess+kyaa+stroking+for+my+bare+feet | C=null | src=assigned
  [2] g5 A=www.xnxx.com/search/deepthroat?top | C=www.xnxx.com/video-1idbha98/big_bubble_butt_anal_ride_-_mandy_mu | src=assigned
  [3] g1 A=www.elitebabes.com/top-class-model-invitingly-showcases-her-flaw | C=null | src=assigned
16:43:23 browse slot 0 -> {"clicked":"https://www.xvideos.com/video.ufplvidf181/squirt_ass_tasting_and_anal_multiple
16:43:29 
bridge=connected
  [0] g3 A=www.xvideos.com/video.ufplmdf83c4/rough_use_of_a_bad_girl_s_hole | C=www.xvideos.com/video.ufplvidf181/squirt_ass_tasting_and_anal_mu | src=assigned
  [1] g2 A=spankbang.com/6hew8/video/goddess+kyaa+stroking+for+my+bare+feet | C=null | src=assigned
  [2] g5 A=www.xnxx.com/search/deepthroat?top | C=www.xnxx.com/video-1idbha98/big_bubble_butt_anal_ride_-_mandy_mu | src=assigned
  [3] g1 A=www.elitebabes.com/top-class-model-invitingly-showcases-her-flaw | C=null | src=assigned
16:43:38 browse slot 2 -> {"clicked":"https://www.xnxx.com/video-1il7djd4/mike_adriano_s_deep_ass_worship_mercedes_c
16:43:44 
bridge=connected
  [0] g3 A=www.xvideos.com/video.ufplmdf83c4/rough_use_of_a_bad_girl_s_hole | C=www.xvideos.com/video.ufplvidf181/squirt_ass_tasting_and_anal_mu | src=assigned
  [1] g2 A=spankbang.com/6hew8/video/goddess+kyaa+stroking+for+my+bare+feet | C=null | src=assigned
  [2] g5 A=www.xnxx.com/search/deepthroat?top | C=www.xnxx.com/video-1il7djd4/mike_adriano_s_deep_ass_worship_merc | src=assigned
  [3] g1 A=www.elitebabes.com/top-class-model-invitingly-showcases-her-flaw | C=null | src=assigned
16:43:53 browse slot 1 -> {"clicked":"https://spankbang.com/3b2ex/video/you+love+this+cunt+and+ass","candidates":52}
16:43:59 
bridge=connected
  [0] g3 A=www.xvideos.com/video.ufplmdf83c4/rough_use_of_a_bad_girl_s_hole | C=www.xvideos.com/video.ufplvidf181/squirt_ass_tasting_and_anal_mu | src=assigned
  [1] g2 A=spankbang.com/6hew8/video/goddess+kyaa+stroking+for+my+bare+feet | C=spankbang.com/3b2ex/video/you+love+this+cunt+and+ass | src=assigned
  [2] g5 A=www.xnxx.com/search/deepthroat?top | C=www.xnxx.com/video-1il7djd4/mike_adriano_s_deep_ass_worship_merc | src=assigned
  [3] g1 A=www.elitebabes.com/top-class-model-invitingly-showcases-her-flaw | C=null | src=assigned
16:44:08 refresh slot 2 -> {"clicked":"btn-hotswap-reload","slot":2}
16:44:14 
bridge=connected
  [0] g3 A=www.xvideos.com/video.ufplmdf83c4/rough_use_of_a_bad_girl_s_hole | C=www.xvideos.com/video.ufplvidf181/squirt_ass_tasting_and_anal_mu | src=assigned
  [1] g2 A=spankbang.com/6hew8/video/goddess+kyaa+stroking+for+my+bare+feet | C=spankbang.com/3b2ex/video/you+love+this+cunt+and+ass | src=assigned
  [2] g6 A=www.xnxx.com/search/deepthroat?top | C=null | src=assigned
  [3] g1 A=www.elitebabes.com/top-class-model-invitingly-showcases-her-flaw | C=null | src=assigned
16:44:24 browse slot 2 -> {"clicked":"https://www.xnxx.com/video-15q2gl13/brunette_mandy_muse_huge_anal_gape","candi
16:44:30 
bridge=connected
  [0] g3 A=www.xvideos.com/video.ufplmdf83c4/rough_use_of_a_bad_girl_s_hole | C=www.xvideos.com/video.ufplvidf181/squirt_ass_tasting_and_anal_mu | src=assigned
  [1] g2 A=spankbang.com/6hew8/video/goddess+kyaa+stroking+for+my+bare+feet | C=spankbang.com/3b2ex/video/you+love+this+cunt+and+ass | src=assigned
  [2] g6 A=www.xnxx.com/search/deepthroat?top | C=www.xnxx.com/video-15q2gl13/brunette_mandy_muse_huge_anal_gape | src=assigned
  [3] g1 A=www.elitebabes.com/top-class-model-invitingly-showcases-her-flaw | C=null | src=assigned
16:44:39 refresh slot 0 -> {"clicked":"btn-hotswap-reload","slot":0}
16:44:45 
bridge=connected
  [0] g4 A=www.xvideos.com/video.ufplmdf83c4/rough_use_of_a_bad_girl_s_hole | C=null | src=assigned
  [1] g2 A=spankbang.com/6hew8/video/goddess+kyaa+stroking+for+my+bare+feet | C=spankbang.com/3b2ex/video/you+love+this+cunt+and+ass | src=assigned
  [2] g6 A=www.xnxx.com/search/deepthroat?top | C=www.xnxx.com/video-15q2gl13/brunette_mandy_muse_huge_anal_gape | src=assigned
  [3] g1 A=www.elitebabes.com/top-class-model-invitingly-showcases-her-flaw | C=null | src=assigned
16:44:54 browse slot 0 -> {"clicked":"https://www.xvideos.com/video.uflitdbcda2/hard_destruction_of_a_tight_ass_with
16:45:00 
bridge=connected
  [0] g4 A=www.xvideos.com/video.ufplmdf83c4/rough_use_of_a_bad_girl_s_hole | C=www.xvideos.com/video.uflitdbcda2/hard_destruction_of_a_tight_as | src=assigned
  [1] g2 A=spankbang.com/6hew8/video/goddess+kyaa+stroking+for+my+bare+feet | C=spankbang.com/3b2ex/video/you+love+this+cunt+and+ass | src=assigned
  [2] g6 A=www.xnxx.com/search/deepthroat?top | C=www.xnxx.com/video-15q2gl13/brunette_mandy_muse_huge_anal_gape | src=assigned
  [3] g1 A=www.elitebabes.com/top-class-model-invitingly-showcases-her-flaw | C=null | src=assigned
16:45:09 refresh slot 1 -> {"clicked":"btn-hotswap-reload","slot":1}
16:45:15 
bridge=connected
  [0] g4 A=www.xvideos.com/video.ufplmdf83c4/rough_use_of_a_bad_girl_s_hole | C=www.xvideos.com/video.uflitdbcda2/hard_destruction_of_a_tight_as | src=assigned
  [1] g3 A=spankbang.com/6hew8/video/goddess+kyaa+stroking+for+my+bare+feet | C=null | src=assigned
  [2] g6 A=www.xnxx.com/search/deepthroat?top | C=www.xnxx.com/video-15q2gl13/brunette_mandy_muse_huge_anal_gape | src=assigned
  [3] g1 A=www.elitebabes.com/top-class-model-invitingly-showcases-her-flaw | C=null | src=assigned
16:45:24 DONE. browserWebSockets=1 childSessionsAttached=11 detached=6 stats={"emitted":32,"stale":0,"ignored":30}